     1                                  bits 32
     2                                  global start
     3                                  
     4                                  extern exit
     5                                  import exit msvcrt.dll
     6                                  
     7                                  segment data use32 class=data
     8 00000000 341278567698            	s dw 1234h, 5678h, 9876h
     9                                      len equ ($-s)/2
    10 00000006 0000                        suma dw 0
    11                                      
    12                                  ; 4. Se da un sir de cuvinte S. Sa se determine suma numerelor
    13                                  ; formate din bitii 6-9 ai fiecarui cuvant din sirul S.
    14                                  segment code use32 class=code
    15                                      start:
    16 00000000 B903000000                      mov ecx, len    ; ciclul se executa de len ori
    17 00000005 E327                            jecxz final		; prevenim intrarea intr-un ciclu infinit
    18 00000007 66BA0000                        mov dx, 0       ; calculam suma in registrul DX
    19 0000000B BE00000000                      mov esi, 0      ; ESI - index in sirul s
    20                                      repeta:
    21 00000010 668B86[00000000]                mov ax, [s+esi] ; citim s[i]
    22                                          
    23 00000017 6625C003                        and ax, 0000_0011__1100_0000b   ; 03C0h
    24 0000001B 66C1E806                        shr ax, 6       ; obtinem numarul format din bitii 6-9
    25                                          
    26 0000001F 6601C2                          add dx, ax      ; adunam numarul obtinut
    27                                      
    28 00000022 83C602                          add esi, 2      ; i++
    29 00000025 E2E9                            loop repeta
    30                                  
    31 00000027 668915[06000000]                mov [suma], dx  ; stocam suma finala
    32                                      
    33                                      final:
    34 0000002E 6A00                            push dword 0
    35 00000030 FF15[00000000]                  call [exit]
